loaded 29766 candidates from outputs/coco_regionclip_1000_20seed_analysis/candidate_table.csv
  seed 0: 4 α rows, α=0.10 → sa_recall_obj=0.3633, base_recall_obj=0.1914
  seed 1: 4 α rows, α=0.10 → sa_recall_obj=0.3527, base_recall_obj=0.1660
  seed 2: 4 α rows, α=0.10 → sa_recall_obj=0.3218, base_recall_obj=0.2107
  seed 3: 4 α rows, α=0.10 → sa_recall_obj=0.2827, base_recall_obj=0.1837
  seed 4: 4 α rows, α=0.10 → sa_recall_obj=0.3348, base_recall_obj=0.1631
  seed 5: 4 α rows, α=0.10 → sa_recall_obj=0.2661, base_recall_obj=0.1330
  seed 6: 4 α rows, α=0.10 → sa_recall_obj=0.2705, base_recall_obj=0.1639
  seed 7: 4 α rows, α=0.10 → sa_recall_obj=0.4045, base_recall_obj=0.2000
  seed 8: 4 α rows, α=0.10 → sa_recall_obj=0.3404, base_recall_obj=0.2851
  seed 9: 4 α rows, α=0.10 → sa_recall_obj=0.2000, base_recall_obj=0.1592
  seed 10: 4 α rows, α=0.10 → sa_recall_obj=0.3506, base_recall_obj=0.1775
  seed 11: 4 α rows, α=0.10 → sa_recall_obj=0.3277, base_recall_obj=0.2128
  seed 12: 4 α rows, α=0.10 → sa_recall_obj=0.3358, base_recall_obj=0.1845
  seed 13: 4 α rows, α=0.10 → sa_recall_obj=0.2944, base_recall_obj=0.2984
  seed 14: 4 α rows, α=0.10 → sa_recall_obj=0.2723, base_recall_obj=0.1574
  seed 15: 4 α rows, α=0.10 → sa_recall_obj=0.4429, base_recall_obj=0.1762
  seed 16: 4 α rows, α=0.10 → sa_recall_obj=0.3420, base_recall_obj=0.2208
  seed 17: 4 α rows, α=0.10 → sa_recall_obj=0.2800, base_recall_obj=0.1720
  seed 18: 4 α rows, α=0.10 → sa_recall_obj=0.2639, base_recall_obj=0.1896
  seed 19: 4 α rows, α=0.10 → sa_recall_obj=0.3374, base_recall_obj=0.2195
written: outputs/coco_regionclip_nmsaware_calibrated_20seed_iou030/summary.csv
written: outputs/coco_regionclip_nmsaware_calibrated_20seed_iou030/aggregate.csv

=== aggregate ===
 alpha  n_seeds  sa_fdp_pooled_mean  base_fdp_pooled_mean  sa_family_fdp_mean  base_family_fdp_mean  sa_rej_mean  base_rej_mean  sa_recall_object_mean  base_recall_object_mean  recall_ratio_sa_over_base_object
  0.05       20              0.0000                0.0029              0.0000                0.0001        63.75          28.25                 0.2625                   0.1057                            2.4833
  0.10       20              0.0042                0.0012              0.0014                0.0001        77.75          52.90                 0.3192                   0.1932                            1.6517
  0.15       20              0.0189                0.0020              0.0048                0.0004        90.80          64.30                 0.3668                   0.2354                            1.5579
  0.20       20              0.0283                0.0025              0.0075                0.0007       100.65          68.90                 0.4026                   0.2514                            1.6013
