loaded 29534 candidates from outputs/voc_1000_gdino_analysis/candidate_table.csv
  seed 0: 4 α rows, α=0.10 → sa_recall_obj=0.5775, base_recall_obj=0.5653
  seed 1: 4 α rows, α=0.10 → sa_recall_obj=0.4924, base_recall_obj=0.5168
  seed 2: 4 α rows, α=0.10 → sa_recall_obj=0.5352, base_recall_obj=0.5493
  seed 3: 4 α rows, α=0.10 → sa_recall_obj=0.5577, base_recall_obj=0.5662
  seed 4: 4 α rows, α=0.10 → sa_recall_obj=0.4792, base_recall_obj=0.4911
  seed 5: 4 α rows, α=0.10 → sa_recall_obj=0.4954, base_recall_obj=0.4985
  seed 6: 4 α rows, α=0.10 → sa_recall_obj=0.4757, base_recall_obj=0.4919
  seed 7: 4 α rows, α=0.10 → sa_recall_obj=0.5385, base_recall_obj=0.5179
  seed 8: 4 α rows, α=0.10 → sa_recall_obj=0.6117, base_recall_obj=0.6006
  seed 9: 4 α rows, α=0.10 → sa_recall_obj=0.5593, base_recall_obj=0.5593
  seed 10: 4 α rows, α=0.10 → sa_recall_obj=0.5235, base_recall_obj=0.5141
  seed 11: 4 α rows, α=0.10 → sa_recall_obj=0.5726, base_recall_obj=0.5488
  seed 12: 4 α rows, α=0.10 → sa_recall_obj=0.2239, base_recall_obj=0.2239
  seed 13: 4 α rows, α=0.10 → sa_recall_obj=0.5337, base_recall_obj=0.5367
  seed 14: 4 α rows, α=0.10 → sa_recall_obj=0.5901, base_recall_obj=0.5959
  seed 15: 4 α rows, α=0.10 → sa_recall_obj=0.5714, base_recall_obj=0.5604
  seed 16: 4 α rows, α=0.10 → sa_recall_obj=0.4656, base_recall_obj=0.4577
  seed 17: 4 α rows, α=0.10 → sa_recall_obj=0.5234, base_recall_obj=0.4829
  seed 18: 4 α rows, α=0.10 → sa_recall_obj=0.5040, base_recall_obj=0.4907
  seed 19: 4 α rows, α=0.10 → sa_recall_obj=0.5982, base_recall_obj=0.5714
written: outputs/voc_gdino_nmsaware_calibrated_20seed_top2mean/summary.csv
written: outputs/voc_gdino_nmsaware_calibrated_20seed_top2mean/aggregate.csv

=== aggregate ===
 alpha  n_seeds  sa_fdp_pooled_mean  base_fdp_pooled_mean  sa_family_fdp_mean  base_family_fdp_mean  sa_rej_mean  base_rej_mean  sa_recall_object_mean  base_recall_object_mean  recall_ratio_sa_over_base_object
  0.05       20              0.0429                0.0457              0.0108                0.0116       149.40         149.95                 0.4062                   0.4016                            1.0114
  0.10       20              0.0526                0.0562              0.0155                0.0169       193.95         196.40                 0.5214                   0.5170                            1.0087
  0.15       20              0.0667                0.0712              0.0201                0.0215       216.90         222.10                 0.5742                   0.5732                            1.0017
  0.20       20              0.0815                0.0866              0.0256                0.0274       234.95         241.95                 0.6115                   0.6127                            0.9981
