loaded 29534 candidates from outputs/voc_1000_gdino_analysis/candidate_table.csv
  seed 0: 4 α rows, α=0.10 → sa_recall_obj=0.3490, base_recall_obj=0.3490
  seed 1: 4 α rows, α=0.10 → sa_recall_obj=0.3143, base_recall_obj=0.3143
  seed 2: 4 α rows, α=0.10 → sa_recall_obj=0.3534, base_recall_obj=0.3534
  seed 3: 4 α rows, α=0.10 → sa_recall_obj=0.3518, base_recall_obj=0.3518
  seed 4: 4 α rows, α=0.10 → sa_recall_obj=0.3094, base_recall_obj=0.3094
  seed 5: 4 α rows, α=0.10 → sa_recall_obj=0.2986, base_recall_obj=0.2986
  seed 6: 4 α rows, α=0.10 → sa_recall_obj=0.3029, base_recall_obj=0.3029
  seed 7: 4 α rows, α=0.10 → sa_recall_obj=0.3382, base_recall_obj=0.3382
  seed 8: 4 α rows, α=0.10 → sa_recall_obj=0.3881, base_recall_obj=0.3881
  seed 9: 4 α rows, α=0.10 → sa_recall_obj=0.3380, base_recall_obj=0.3380
  seed 10: 4 α rows, α=0.10 → sa_recall_obj=0.3225, base_recall_obj=0.3225
  seed 11: 4 α rows, α=0.10 → sa_recall_obj=0.3730, base_recall_obj=0.3730
  seed 12: 4 α rows, α=0.10 → sa_recall_obj=0.1364, base_recall_obj=0.1364
  seed 13: 4 α rows, α=0.10 → sa_recall_obj=0.3280, base_recall_obj=0.3280
  seed 14: 4 α rows, α=0.10 → sa_recall_obj=0.3911, base_recall_obj=0.3911
  seed 15: 4 α rows, α=0.10 → sa_recall_obj=0.3570, base_recall_obj=0.3570
  seed 16: 4 α rows, α=0.10 → sa_recall_obj=0.2747, base_recall_obj=0.2747
  seed 17: 4 α rows, α=0.10 → sa_recall_obj=0.3110, base_recall_obj=0.3110
  seed 18: 4 α rows, α=0.10 → sa_recall_obj=0.3147, base_recall_obj=0.3147
  seed 19: 4 α rows, α=0.10 → sa_recall_obj=0.3686, base_recall_obj=0.3686
written: outputs/voc_gdino_nmsaware_calibrated_20seed_iou070/summary.csv
written: outputs/voc_gdino_nmsaware_calibrated_20seed_iou070/aggregate.csv

=== aggregate ===
 alpha  n_seeds  sa_fdp_pooled_mean  base_fdp_pooled_mean  sa_family_fdp_mean  base_family_fdp_mean  sa_rej_mean  base_rej_mean  sa_recall_object_mean  base_recall_object_mean  recall_ratio_sa_over_base_object
  0.05       20              0.0457                0.0457              0.0116                0.0116       149.95         149.95                 0.2521                   0.2521                               1.0
  0.10       20              0.0562                0.0562              0.0169                0.0169       196.40         196.40                 0.3260                   0.3260                               1.0
  0.15       20              0.0712                0.0712              0.0215                0.0215       222.10         222.10                 0.3626                   0.3626                               1.0
  0.20       20              0.0866                0.0866              0.0274                0.0274       241.95         241.95                 0.3883                   0.3883                               1.0
